hd44780.h:83:20:lcd_set_pin	16	static
hd44780.h:86:20:lcd_reset_pin	16	static
hd44780.h:90:23:lcd_read_pin	16	static
hd44780.h:98:20:lcd_set_to_input	16	static
hd44780.h:105:20:lcd_set_to_output	16	static
hd44780.h:113:20:lcd_send_half	16	static
hd44780.h:135:23:lcd_read_half	16	static
hd44780.c:11:6:lcd_init_pin	16	static
hd44780.c:39:6:init_lcd	16	static
hd44780.c:103:6:lcd_cls	8	static
hd44780.c:109:6:lcd_str	16	static
hd44780.c:115:6:lcd_write_byte	16	static
hd44780.c:144:6:lcd_write_cmd	16	static
hd44780.c:148:6:lcd_write_data	16	static
hd44780.c:155:9:lcd_read_byte	16	static
hd44780.c:177:9:check_BF	8	static
