vl53l0x.c:37:6:vl53l0x_I2C_Write_Reg8	40	static
vl53l0x.c:41:6:vl53l0x_I2C_Write_Reg16	48	static
vl53l0x.c:49:6:vl53l0x_I2C_Write_Reg32	48	static
vl53l0x.c:59:6:vl53l0x_I2C_Write_MultiReg	40	static
vl53l0x.c:64:9:vl53l0x_I2C_Read_Reg8	48	static
vl53l0x.c:70:9:vl53l0x_I2C_Read_Reg8_Timeout	48	static
vl53l0x.c:76:10:vl53l0x_I2C_Read_Reg16	48	static
vl53l0x.c:85:10:vl53l0x_I2C_Read_Reg32	48	static
vl53l0x.c:96:6:vl53l0x_I2C_Read_MultiReg	40	static
vl53l0x.c:103:6:vl53l0x_Init	32	static
vl53l0x.c:322:6:setMeasurementTimingBudget	80	static
vl53l0x.c:408:6:setSignalRateLimit	16	static
vl53l0x.c:416:6:getSpadInfo	24	static
vl53l0x.c:457:10:getMeasurementTimingBudget	56	static
vl53l0x.c:506:6:getSequenceStepEnables	24	static
vl53l0x.c:521:6:getSequenceStepTimeouts	16	static
vl53l0x.c:553:9:getVcselPulsePeriod	16	static
vl53l0x.c:568:10:timeoutMclksToMicroseconds	24	static
vl53l0x.c:579:10:decodeTimeout	16	static
vl53l0x.c:588:10:timeoutMicrosecondsToMclks	24	static
vl53l0x.c:598:10:encodeTimeout	24	static
vl53l0x.c:621:6:performSingleRefCalibration	16	static
vl53l0x.c:642:10:vl53l0x_ReadRangeContinuousMillimeters	32	static
vl53l0x.c:685:10:vl53l0x_ReadRangeSingleMillimeters	16	static
