vl53l0x.c:20:6:startTimeout	8	static
vl53l0x.c:21:10:getTimeout	8	static
vl53l0x.c:22:10:stopTimeout	8	static
vl53l0x.c:43:6:vl53l0x_I2C_Write_Reg8	40	static
vl53l0x.c:47:6:vl53l0x_I2C_Write_Reg16	48	static
vl53l0x.c:55:6:vl53l0x_I2C_Write_Reg32	48	static
vl53l0x.c:65:6:vl53l0x_I2C_Write_MultiReg	40	static
vl53l0x.c:70:9:vl53l0x_I2C_Read_Reg8	48	static
vl53l0x.c:76:9:vl53l0x_I2C_Read_Reg8_Timeout	48	static
vl53l0x.c:82:10:vl53l0x_I2C_Read_Reg16	48	static
vl53l0x.c:91:10:vl53l0x_I2C_Read_Reg32	48	static
vl53l0x.c:102:6:vl53l0x_I2C_Read_MultiReg	40	static
vl53l0x.c:109:6:vl53l0x_Init	32	static
vl53l0x.c:328:6:setMeasurementTimingBudget	80	static
vl53l0x.c:414:6:setSignalRateLimit	16	static
vl53l0x.c:422:6:getSpadInfo	24	static
vl53l0x.c:463:10:getMeasurementTimingBudget	56	static
vl53l0x.c:512:6:getSequenceStepEnables	24	static
vl53l0x.c:527:6:getSequenceStepTimeouts	16	static
vl53l0x.c:559:9:getVcselPulsePeriod	16	static
vl53l0x.c:574:10:timeoutMclksToMicroseconds	24	static
vl53l0x.c:585:10:decodeTimeout	16	static
vl53l0x.c:594:10:timeoutMicrosecondsToMclks	24	static
vl53l0x.c:604:10:encodeTimeout	24	static
vl53l0x.c:627:6:performSingleRefCalibration	16	static
vl53l0x.c:653:10:vl53l0x_ReadRangeContinuousMillimeters	32	static
vl53l0x.c:698:10:vl53l0x_ReadRangeSingleMillimeters	16	static
